INFO[2026-09-30 05:39:25] Entered start.sh with args: python vk_collect.py
INFO[2026-09-30 05:39:25] Running hooks in: /usr/local/bin/start-notebook.d as uid: 1000 gid: 100
INFO[2026-09-30 05:39:25] Done running hooks in: /usr/local/bin/start-notebook.d
INFO[2026-09-30 05:39:25] Running hooks in: /usr/local/bin/before-notebook.d as uid: 1000 gid: 100
INFO[2026-09-30 05:39:25] Sourcing shell script: /usr/local/bin/before-notebook.d/10activate-conda-env.sh
INFO[2026-09-30 05:39:25] Done running hooks in: /usr/local/bin/before-notebook.d
INFO[2026-09-30 05:39:25] Executing the command: python vk_collect.py
2026-09-30 05:39:26,761 INFO Saved member profile batch 1 (4 profiles)
2026-09-30 05:39:28,782 INFO Saved direct friend profile batch 1 (341 profiles)
2026-09-30 05:39:39,936 INFO Saved checkpoint after 25 friends.get requests
2026-09-30 05:39:51,289 INFO Saved checkpoint after 25 friends.get requests
2026-09-30 05:40:02,566 INFO Saved checkpoint after 25 friends.get requests
2026-09-30 05:40:13,813 INFO Saved checkpoint after 25 friends.get requests
2026-09-30 05:40:25,000 INFO Saved checkpoint after 25 friends.get requests
2026-09-30 05:40:36,258 INFO Saved checkpoint after 25 friends.get requests
2026-09-30 05:40:47,341 INFO Saved checkpoint after 25 friends.get requests
2026-09-30 05:40:58,616 INFO Saved checkpoint after 25 friends.get requests
2026-09-30 05:41:09,569 INFO Saved checkpoint after 25 friends.get requests
2026-09-30 05:41:20,899 INFO Saved checkpoint after 25 friends.get requests
2026-09-30 05:41:29,020 INFO Saved second circle profile batch 1 (500 profiles)
2026-09-30 05:41:29,758 INFO Saved second circle profile batch 2 (500 profiles)
2026-09-30 05:41:30,662 INFO Saved second circle profile batch 3 (500 profiles)
2026-09-30 05:41:31,526 INFO Saved second circle profile batch 4 (500 profiles)
2026-09-30 05:41:32,389 INFO Saved second circle profile batch 5 (500 profiles)
2026-09-30 05:41:33,234 INFO Saved second circle profile batch 6 (500 profiles)
2026-09-30 05:41:33,945 INFO Saved second circle profile batch 7 (500 profiles)
2026-09-30 05:41:34,685 INFO Saved second circle profile batch 8 (500 profiles)
2026-09-30 05:41:35,437 INFO Saved second circle profile batch 9 (500 profiles)
2026-09-30 05:41:36,126 INFO Saved second circle profile batch 10 (500 profiles)
2026-09-30 05:41:36,916 INFO Saved second circle profile batch 11 (500 profiles)
2026-09-30 05:41:37,747 INFO Saved second circle profile batch 12 (500 profiles)
2026-09-30 05:41:38,574 INFO Saved second circle profile batch 13 (500 profiles)
2026-09-30 05:41:39,288 INFO Saved second circle profile batch 14 (500 profiles)
2026-09-30 05:41:40,019 INFO Saved second circle profile batch 15 (500 profiles)
2026-09-30 05:41:40,723 INFO Saved second circle profile batch 16 (500 profiles)
2026-09-30 05:41:41,614 INFO Saved second circle profile batch 17 (500 profiles)
2026-09-30 05:41:42,339 INFO Saved second circle profile batch 18 (500 profiles)
2026-09-30 05:41:43,084 INFO Saved second circle profile batch 19 (500 profiles)
2026-09-30 05:41:43,895 INFO Saved second circle profile batch 20 (500 profiles)
2026-09-30 05:41:44,697 INFO Saved second circle profile batch 21 (500 profiles)
2026-09-30 05:41:45,493 INFO Saved second circle profile batch 22 (500 profiles)
2026-09-30 05:41:46,190 INFO Saved second circle profile batch 23 (500 profiles)
2026-09-30 05:41:46,947 INFO Saved second circle profile batch 24 (500 profiles)
2026-09-30 05:41:47,703 INFO Saved second circle profile batch 25 (500 profiles)
2026-09-30 05:41:48,523 INFO Saved second circle profile batch 26 (500 profiles)
2026-09-30 05:41:49,275 INFO Saved second circle profile batch 27 (500 profiles)
2026-09-30 05:41:50,030 INFO Saved second circle profile batch 28 (500 profiles)
2026-09-30 05:41:50,794 INFO Saved second circle profile batch 29 (500 profiles)
2026-09-30 05:41:51,593 INFO Saved second circle profile batch 30 (500 profiles)
2026-09-30 05:41:52,363 INFO Saved second circle profile batch 31 (500 profiles)
2026-09-30 05:41:53,083 INFO Saved second circle profile batch 32 (500 profiles)
2026-09-30 05:41:53,791 INFO Saved second circle profile batch 33 (500 profiles)
2026-09-30 05:41:54,552 INFO Saved second circle profile batch 34 (500 profiles)
2026-09-30 05:41:55,414 INFO Saved second circle profile batch 35 (500 profiles)
2026-09-30 05:41:56,156 INFO Saved second circle profile batch 36 (500 profiles)
2026-09-30 05:41:57,044 INFO Saved second circle profile batch 37 (500 profiles)
2026-09-30 05:41:57,975 INFO Saved second circle profile batch 38 (500 profiles)
2026-09-30 05:41:58,705 INFO Saved second circle profile batch 39 (500 profiles)
2026-09-30 05:41:59,564 INFO Saved second circle profile batch 40 (500 profiles)
2026-09-30 05:42:00,329 INFO Saved second circle profile batch 41 (500 profiles)
2026-09-30 05:42:01,120 INFO Saved second circle profile batch 42 (500 profiles)
2026-09-30 05:42:01,858 INFO Saved second circle profile batch 43 (500 profiles)
2026-09-30 05:42:02,685 INFO Saved second circle profile batch 44 (500 profiles)
2026-09-30 05:42:03,435 INFO Saved second circle profile batch 45 (500 profiles)
2026-09-30 05:42:04,162 INFO Saved second circle profile batch 46 (500 profiles)
2026-09-30 05:42:04,923 INFO Saved second circle profile batch 47 (500 profiles)
2026-09-30 05:42:05,647 INFO Saved second circle profile batch 48 (500 profiles)
2026-09-30 05:42:06,363 INFO Saved second circle profile batch 49 (500 profiles)
2026-09-30 05:42:07,092 INFO Saved second circle profile batch 50 (500 profiles)
2026-09-30 05:42:07,901 INFO Saved second circle profile batch 51 (500 profiles)
2026-09-30 05:42:08,657 INFO Saved second circle profile batch 52 (500 profiles)
2026-09-30 05:42:09,419 INFO Saved second circle profile batch 53 (500 profiles)
2026-09-30 05:42:10,152 INFO Saved second circle profile batch 54 (500 profiles)
2026-09-30 05:42:10,948 INFO Saved second circle profile batch 55 (500 profiles)
2026-09-30 05:42:11,782 INFO Saved second circle profile batch 56 (500 profiles)
2026-09-30 05:42:12,571 INFO Saved second circle profile batch 57 (500 profiles)
2026-09-30 05:42:13,324 INFO Saved second circle profile batch 58 (500 profiles)
2026-09-30 05:42:14,054 INFO Saved second circle profile batch 59 (500 profiles)
2026-09-30 05:42:14,862 INFO Saved second circle profile batch 60 (500 profiles)
2026-09-30 05:42:15,660 INFO Saved second circle profile batch 61 (500 profiles)
2026-09-30 05:42:16,329 INFO Saved second circle profile batch 62 (500 profiles)
2026-09-30 05:42:17,195 INFO Saved second circle profile batch 63 (500 profiles)
2026-09-30 05:42:17,930 INFO Saved second circle profile batch 64 (500 profiles)
2026-09-30 05:42:18,605 INFO Saved second circle profile batch 65 (500 profiles)
2026-09-30 05:42:19,435 INFO Saved second circle profile batch 66 (500 profiles)
2026-09-30 05:42:20,329 INFO Saved second circle profile batch 67 (500 profiles)
2026-09-30 05:42:21,182 INFO Saved second circle profile batch 68 (500 profiles)
2026-09-30 05:42:22,058 INFO Saved second circle profile batch 69 (500 profiles)
2026-09-30 05:42:22,813 INFO Saved second circle profile batch 70 (500 profiles)
2026-09-30 05:42:23,626 INFO Saved second circle profile batch 71 (500 profiles)
2026-09-30 05:42:24,574 INFO Saved second circle profile batch 72 (500 profiles)
2026-09-30 05:42:25,405 INFO Saved second circle profile batch 73 (500 profiles)
2026-09-30 05:42:26,371 INFO Saved second circle profile batch 74 (500 profiles)
2026-09-30 05:42:27,239 INFO Saved second circle profile batch 75 (500 profiles)
2026-09-30 05:42:28,181 INFO Saved second circle profile batch 76 (500 profiles)
2026-09-30 05:42:29,002 INFO Saved second circle profile batch 77 (500 profiles)
2026-09-30 05:42:29,822 INFO Saved second circle profile batch 78 (500 profiles)
2026-09-30 05:42:30,584 INFO Saved second circle profile batch 79 (500 profiles)
2026-09-30 05:42:31,347 INFO Saved second circle profile batch 80 (500 profiles)
2026-09-30 05:42:32,281 INFO Saved second circle profile batch 81 (500 profiles)
2026-09-30 05:42:33,103 INFO Saved second circle profile batch 82 (500 profiles)
2026-09-30 05:42:34,090 INFO Saved second circle profile batch 83 (500 profiles)
2026-09-30 05:42:34,928 INFO Saved second circle profile batch 84 (500 profiles)
2026-09-30 05:42:35,809 INFO Saved second circle profile batch 85 (500 profiles)
2026-09-30 05:42:36,653 INFO Saved second circle profile batch 86 (500 profiles)
2026-09-30 05:42:37,489 INFO Saved second circle profile batch 87 (500 profiles)
2026-09-30 05:42:38,350 INFO Saved second circle profile batch 88 (500 profiles)
2026-09-30 05:42:39,288 INFO Saved second circle profile batch 89 (500 profiles)
2026-09-30 05:42:40,250 INFO Saved second circle profile batch 90 (500 profiles)
2026-09-30 05:42:41,159 INFO Saved second circle profile batch 91 (500 profiles)
2026-09-30 05:42:41,983 INFO Saved second circle profile batch 92 (500 profiles)
2026-09-30 05:42:42,776 INFO Saved second circle profile batch 93 (500 profiles)
2026-09-30 05:42:43,722 INFO Saved second circle profile batch 94 (500 profiles)
2026-09-30 05:42:44,630 INFO Saved second circle profile batch 95 (500 profiles)
2026-09-30 05:42:45,459 INFO Saved second circle profile batch 96 (500 profiles)
2026-09-30 05:42:46,241 INFO Saved second circle profile batch 97 (500 profiles)
2026-09-30 05:42:47,122 INFO Saved second circle profile batch 98 (500 profiles)
2026-09-30 05:42:48,013 INFO Saved second circle profile batch 99 (500 profiles)
2026-09-30 05:42:48,971 INFO Saved second circle profile batch 100 (500 profiles)
2026-09-30 05:42:49,931 INFO Saved second circle profile batch 101 (500 profiles)
2026-09-30 05:42:50,962 INFO Saved second circle profile batch 102 (500 profiles)
2026-09-30 05:42:52,052 INFO Saved second circle profile batch 103 (500 profiles)
2026-09-30 05:42:52,941 INFO Saved second circle profile batch 104 (500 profiles)
2026-09-30 05:42:54,077 INFO Saved second circle profile batch 105 (500 profiles)
2026-09-30 05:42:54,928 INFO Saved second circle profile batch 106 (500 profiles)
2026-09-30 05:42:55,874 INFO Saved second circle profile batch 107 (500 profiles)
2026-09-30 05:42:57,154 INFO Saved second circle profile batch 108 (500 profiles)
2026-09-30 05:42:58,200 INFO Saved second circle profile batch 109 (500 profiles)
2026-09-30 05:42:59,202 INFO Saved second circle profile batch 110 (500 profiles)
2026-09-30 05:43:00,255 INFO Saved second circle profile batch 111 (500 profiles)
2026-09-30 05:43:01,220 INFO Saved second circle profile batch 112 (500 profiles)
2026-09-30 05:43:02,275 INFO Saved second circle profile batch 113 (500 profiles)
2026-09-30 05:43:03,321 INFO Saved second circle profile batch 114 (500 profiles)
2026-09-30 05:43:04,305 INFO Saved second circle profile batch 115 (500 profiles)
2026-09-30 05:43:05,335 INFO Saved second circle profile batch 116 (500 profiles)
2026-09-30 05:43:06,465 INFO Saved second circle profile batch 117 (500 profiles)
2026-09-30 05:43:07,462 INFO Saved second circle profile batch 118 (500 profiles)
2026-09-30 05:43:08,510 INFO Saved second circle profile batch 119 (500 profiles)
2026-09-30 05:43:09,551 INFO Saved second circle profile batch 120 (500 profiles)
2026-09-30 05:43:10,502 INFO Saved second circle profile batch 121 (500 profiles)
2026-09-30 05:43:11,563 INFO Saved second circle profile batch 122 (500 profiles)
2026-09-30 05:43:12,314 INFO Saved second circle profile batch 123 (221 profiles)
2026-09-30 05:43:13,482 INFO Collection complete: level 0=4, level 1=344, level 2=61221, edges=67798, CSV=/home/jovyan/work/data/vk_friends_full.csv
